<html>
<body>
<pre>
<h1>礦ision Build Log</h1>
<h2>Tool Versions:</h2>
IDE-Version: μVision V5.25.2.0
Copyright (C) 2018 ARM Ltd and ARM Germany GmbH. All rights reserved.
License Information: randy jang, randy.jang, LIC=QF8UH-W22AN-003N9-4DTTB-NP01W-Q2Z2Q
 
Tool Versions:
Toolchain:       MDK-ARM Plus  Version: 5.25.2.0
Toolchain Path:  C:\Keil_v5\ARM\ARMCC\Bin
C Compiler:      Armcc.exe V5.06 update 6 (build 750)
Assembler:       Armasm.exe V5.06 update 6 (build 750)
Linker/Locator:  ArmLink.exe V5.06 update 6 (build 750)
Library Manager: ArmAr.exe V5.06 update 6 (build 750)
Hex Converter:   FromElf.exe V5.06 update 6 (build 750)
CPU DLL:         SARMCM3.DLL V5.25.2.0
Dialog DLL:      DCM.DLL V1.17.1.0
Target DLL:      CMSIS_AGDI.dll V1.29.10.0
Dialog DLL:      TCM.DLL V1.35.1.0
 
<h2>Project:</h2>
C:\Users\Jang\OneDrive\助教\实验课PPT_2018\实验08\工程08_01\keil\flash.uvprojx
Project File Date:  11/22/2018

<h2>Output:</h2>
*** Using Compiler 'V5.06 update 6 (build 750)', folder: 'C:\Keil_v5\ARM\ARMCC\Bin'
Build target 'flash'
compiling system_msp432p401r.c...
compiling main.c...
linking...
Program Size: Code=788 RO-data=340 RW-data=0 ZI-data=8800  
".\Objects\WDT.axf" - 0 Error(s), 0 Warning(s).

<h2>Software Packages used:</h2>

Package Vendor: TexasInstruments
                http://software-dl.ti.com/msp430/msp430_public_sw/mcu/msp430/msp432cmsis/latest/exports/TexasInstruments.MSP432P4xx_DFP.3.2.5.pack
                TexasInstruments.MSP432P4xx_DFP.3.2.5
                Device Family Pack for Texas Instruments SimpleLink(TM) MSP432 Series

<h2>Collection of Component include folders:</h2>
  .\RTE\_flash
  C:\Keil_v5\ARM\PACK\TexasInstruments\MSP432P4xx_DFP\3.2.5\Device\Include

<h2>Collection of Component Files used:</h2>
Build Time Elapsed:  00:00:01
</pre>
</body>
</html>
